pytest : C:\Users\legen\AppData\Local\Programs\Python\Python312\Lib\site-packages\fs\__init__.py:4: UserWarning: pkg_resources is deprecated as an API. See 
https://setuptools.pypa.io/en/latest/pkg_resources.html. The pkg_resources package is slated for removal as early as 2025-11-30. Refrain from using this 
package or pin to Setuptools<81.
At line:1 char:66
+ ... mP9Y-yTP0"; pytest tests/test_human_multiturn_single.py -v --tb=short ...
+                 ~~~~~~~~~~~~~~~~~~~~~~~~~~~~~~~~~~~~~~~~~~~~~~~~~~~~~~~~~
    + CategoryInfo          : NotSpecified: (C:\Users\legen\... Setuptools<81.:String) [], RemoteException
    + FullyQualifiedErrorId : NativeCommandError
 
  __import__("pkg_resources").declare_namespace(__name__)  # type: ignore
============================= test session starts =============================
platform win32 -- Python 3.12.4, pytest-8.4.2, pluggy-1.6.0 -- C:\Users\legen\AppData\Local\Programs\Python\Python312\python.exe
cachedir: .pytest_cache
Fugue tests will be initialized with options:
rootdir: C:\Users\legen\Downloads\incidentResponse_Combine
plugins: anyio-4.9.0, fugue-0.9.1, langsmith-0.4.38
collecting ... collected 72 items

tests/test_human_multiturn_single.py::test_single_incident_classification[BAC-01-broken_access_control-turns0] PASSED [  1%]
tests/test_human_multiturn_single.py::test_single_incident_classification[BAC-02-broken_access_control-turns1] PASSED [  2%]
tests/test_human_multiturn_single.py::test_single_incident_classification[BAC-03-broken_access_control-turns2] PASSED [  4%]
tests/test_human_multiturn_single.py::test_single_incident_classification[BAC-04-broken_access_control-turns3] PASSED [  5%]
tests/test_human_multiturn_single.py::test_single_incident_classification[BAC-05-broken_access_control-turns4] PASSED [  6%]
tests/test_human_multiturn_single.py::test_single_incident_classification[BAC-06-broken_access_control-turns5] PASSED [  8%]
tests/test_human_multiturn_single.py::test_single_incident_classification[BAC-07-broken_access_control-turns6] PASSED [  9%]
tests/test_human_multiturn_single.py::test_single_incident_classification[BAC-08-broken_access_control-turns7] PASSED [ 11%]
tests/test_human_multiturn_single.py::test_single_incident_classification[BAC-09-broken_access_control-turns8] PASSED [ 12%]
tests/test_human_multiturn_single.py::test_single_incident_classification[BAC-10-broken_access_control-turns9] PASSED [ 13%]
tests/test_human_multiturn_single.py::test_single_incident_classification[BAC-11-broken_access_control-turns10] PASSED [ 15%]
tests/test_human_multiturn_single.py::test_single_incident_classification[BAC-12-broken_access_control-turns11] PASSED [ 16%]
tests/test_human_multiturn_single.py::test_single_incident_classification[INJ-01-injection-turns12] PASSED [ 18%]
tests/test_human_multiturn_single.py::test_single_incident_classification[INJ-02-injection-turns13] PASSED [ 19%]
tests/test_human_multiturn_single.py::test_single_incident_classification[INJ-03-injection-turns14] PASSED [ 20%]
tests/test_human_multiturn_single.py::test_single_incident_classification[INJ-04-injection-turns15] PASSED [ 22%]
tests/test_human_multiturn_single.py::test_single_incident_classification[INJ-05-injection-turns16] PASSED [ 23%]
tests/test_human_multiturn_single.py::test_single_incident_classification[INJ-06-injection-turns17] PASSED [ 25%]
tests/test_human_multiturn_single.py::test_single_incident_classification[INJ-07-injection-turns18] PASSED [ 26%]
tests/test_human_multiturn_single.py::test_single_incident_classification[INJ-08-injection-turns19] PASSED [ 27%]
tests/test_human_multiturn_single.py::test_single_incident_classification[INJ-09-injection-turns20] PASSED [ 29%]
tests/test_human_multiturn_single.py::test_single_incident_classification[INJ-10-injection-turns21] PASSED [ 30%]
tests/test_human_multiturn_single.py::test_single_incident_classification[INJ-11-injection-turns22] PASSED [ 31%]
tests/test_human_multiturn_single.py::test_single_incident_classification[INJ-12-injection-turns23] PASSED [ 33%]
tests/test_human_multiturn_single.py::test_single_incident_classification[AUTH-01-broken_authentication-turns24] PASSED [ 34%]
tests/test_human_multiturn_single.py::test_single_incident_classification[AUTH-02-broken_authentication-turns25] PASSED [ 36%]
